2026-02-21 22:44:02 - __mp_main__ - INFO - 🚀 Логирование Loguru настроено
2026-02-21 22:44:02 - main - INFO - 🚀 Логирование Loguru настроено
2026-02-21 22:44:03 - main - INFO - Инициализация приложения...
2026-02-21 22:44:43 - __mp_main__ - INFO - 🚀 Логирование Loguru настроено
2026-02-21 22:44:43 - main - INFO - 🚀 Логирование Loguru настроено
2026-02-21 22:44:43 - main - INFO - Инициализация приложения...
2026-02-21 22:45:26 - main - INFO - Завершение работы приложения...
2026-02-21 22:45:52 - __main__ - INFO - 🚀 Логирование Loguru настроено
2026-02-21 22:45:54 - __mp_main__ - INFO - 🚀 Логирование Loguru настроено
2026-02-21 22:45:55 - main - INFO - 🚀 Логирование Loguru настроено
2026-02-21 22:45:55 - main - INFO - Инициализация приложения...
2026-02-21 22:46:11 - main - INFO - Завершение работы приложения...
2026-02-22 19:06:41 - __main__ - INFO - 🚀 Логирование Loguru настроено
2026-02-22 19:06:48 - __mp_main__ - INFO - 🚀 Логирование Loguru настроено
2026-02-22 19:06:48 - main - INFO - 🚀 Логирование Loguru настроено
2026-02-22 19:06:49 - main - INFO - Инициализация приложения...
2026-02-22 22:01:14 - main - INFO - Завершение работы приложения...
2026-02-22 22:05:27 - __main__ - INFO - 🚀 Логирование Loguru настроено
2026-02-22 22:05:30 - __mp_main__ - INFO - 🚀 Логирование Loguru настроено
2026-02-22 22:05:30 - main - INFO - 🚀 Логирование Loguru настроено
2026-02-22 22:05:31 - main - INFO - Инициализация приложения...
2026-02-23 02:07:34 - main - INFO - Завершение работы приложения...
2026-02-23 11:31:31 - __main__ - INFO - 🚀 Логирование Loguru настроено
2026-02-23 11:31:38 - __mp_main__ - INFO - 🚀 Логирование Loguru настроено
2026-02-23 11:31:38 - main - INFO - 🚀 Логирование Loguru настроено
2026-02-23 11:31:38 - main - INFO - Инициализация приложения...
2026-02-23 11:35:44 - main - INFO - Завершение работы приложения...
2026-02-23 11:35:48 - __mp_main__ - INFO - 🚀 Логирование Loguru настроено
2026-02-23 11:35:48 - main - INFO - 🚀 Логирование Loguru настроено
2026-02-23 11:35:48 - main - INFO - Инициализация приложения...
2026-02-23 11:38:24 - main - INFO - Завершение работы приложения...
2026-02-23 11:39:23 - __mp_main__ - INFO - 🚀 Логирование Loguru настроено
2026-02-23 11:39:23 - main - INFO - 🚀 Логирование Loguru настроено
2026-02-23 11:39:23 - main - INFO - Инициализация приложения...
2026-02-23 11:40:33 - main - INFO - Завершение работы приложения...
2026-02-23 11:41:22 - __mp_main__ - INFO - 🚀 Логирование Loguru настроено
2026-02-23 11:41:22 - main - INFO - 🚀 Логирование Loguru настроено
2026-02-23 11:41:22 - main - INFO - Инициализация приложения...
2026-02-23 11:44:01 - main - INFO - Завершение работы приложения...
2026-02-23 11:44:05 - __mp_main__ - INFO - 🚀 Логирование Loguru настроено
2026-02-23 11:44:05 - main - INFO - 🚀 Логирование Loguru настроено
2026-02-23 11:44:05 - main - INFO - Инициализация приложения...
2026-02-23 11:44:16 - main - INFO - Завершение работы приложения...
2026-02-23 11:45:45 - __mp_main__ - INFO - 🚀 Логирование Loguru настроено
2026-02-23 11:45:45 - main - INFO - 🚀 Логирование Loguru настроено
2026-02-23 11:45:45 - main - INFO - Инициализация приложения...
2026-02-23 11:58:40 - main - INFO - Завершение работы приложения...
2026-02-23 11:59:23 - __mp_main__ - INFO - 🚀 Логирование Loguru настроено
2026-02-23 11:59:23 - main - INFO - 🚀 Логирование Loguru настроено
2026-02-23 11:59:23 - main - INFO - Инициализация приложения...
2026-02-23 12:18:26 - main - INFO - Завершение работы приложения...
2026-02-23 12:18:29 - __mp_main__ - INFO - 🚀 Логирование Loguru настроено
2026-02-23 12:18:29 - main - INFO - 🚀 Логирование Loguru настроено
2026-02-23 12:18:29 - main - INFO - Инициализация приложения...
2026-02-23 12:20:51 - main - INFO - Завершение работы приложения...
2026-02-23 12:20:54 - __mp_main__ - INFO - 🚀 Логирование Loguru настроено
2026-02-23 12:20:54 - main - INFO - 🚀 Логирование Loguru настроено
2026-02-23 12:20:54 - main - INFO - Инициализация приложения...
2026-02-23 12:21:26 - main - INFO - Завершение работы приложения...
2026-02-23 12:21:29 - __mp_main__ - INFO - 🚀 Логирование Loguru настроено
2026-02-23 12:21:29 - main - INFO - 🚀 Логирование Loguru настроено
2026-02-23 12:21:30 - main - INFO - Инициализация приложения...
2026-02-23 12:21:47 - main - INFO - Завершение работы приложения...
2026-02-23 12:21:51 - __mp_main__ - INFO - 🚀 Логирование Loguru настроено
2026-02-23 12:21:51 - main - INFO - 🚀 Логирование Loguru настроено
2026-02-23 12:21:51 - main - INFO - Инициализация приложения...
2026-02-23 12:22:31 - main - INFO - Завершение работы приложения...
2026-02-23 12:22:34 - __mp_main__ - INFO - 🚀 Логирование Loguru настроено
2026-02-23 12:22:34 - main - INFO - 🚀 Логирование Loguru настроено
2026-02-23 12:22:34 - main - INFO - Инициализация приложения...
2026-02-23 12:22:53 - main - INFO - Завершение работы приложения...
2026-02-23 12:22:57 - __mp_main__ - INFO - 🚀 Логирование Loguru настроено
2026-02-23 12:22:57 - main - INFO - 🚀 Логирование Loguru настроено
2026-02-23 12:22:57 - main - INFO - Инициализация приложения...
2026-02-23 12:23:27 - main - INFO - Завершение работы приложения...
2026-02-23 12:23:30 - __mp_main__ - INFO - 🚀 Логирование Loguru настроено
2026-02-23 12:23:31 - main - INFO - 🚀 Логирование Loguru настроено
2026-02-23 12:23:31 - main - INFO - Инициализация приложения...
2026-02-23 12:24:47 - main - INFO - Завершение работы приложения...
2026-02-23 12:24:50 - __mp_main__ - INFO - 🚀 Логирование Loguru настроено
2026-02-23 12:24:50 - main - INFO - 🚀 Логирование Loguru настроено
2026-02-23 12:24:50 - main - INFO - Инициализация приложения...
2026-02-23 12:25:54 - main - INFO - Завершение работы приложения...
2026-02-23 12:25:57 - __mp_main__ - INFO - 🚀 Логирование Loguru настроено
2026-02-23 12:25:57 - main - INFO - 🚀 Логирование Loguru настроено
2026-02-23 12:25:57 - main - INFO - Инициализация приложения...
2026-02-23 12:32:09 - main - INFO - Завершение работы приложения...
2026-02-23 12:32:16 - __mp_main__ - INFO - 🚀 Логирование Loguru настроено
2026-02-23 12:32:16 - main - INFO - 🚀 Логирование Loguru настроено
2026-02-23 12:32:17 - main - INFO - Инициализация приложения...
2026-02-23 12:33:17 - main - INFO - Завершение работы приложения...
2026-02-23 12:33:24 - __mp_main__ - INFO - 🚀 Логирование Loguru настроено
2026-02-23 12:33:24 - main - INFO - 🚀 Логирование Loguru настроено
2026-02-23 12:33:24 - main - INFO - Инициализация приложения...
2026-02-23 13:15:18 - main - INFO - Завершение работы приложения...
2026-02-23 13:15:45 - __main__ - INFO - 🚀 Логирование Loguru настроено
2026-02-23 13:15:48 - __mp_main__ - INFO - 🚀 Логирование Loguru настроено
2026-02-23 13:15:48 - main - INFO - 🚀 Логирование Loguru настроено
2026-02-23 13:15:48 - main - INFO - Инициализация приложения...
2026-02-23 13:58:22 - main - INFO - Завершение работы приложения...
2026-02-23 13:58:26 - __mp_main__ - INFO - 🚀 Логирование Loguru настроено
2026-02-23 13:58:26 - main - INFO - 🚀 Логирование Loguru настроено
2026-02-23 13:58:27 - main - INFO - Инициализация приложения...
2026-02-23 13:58:50 - main - INFO - Завершение работы приложения...
2026-02-23 13:59:04 - __mp_main__ - INFO - 🚀 Логирование Loguru настроено
2026-02-23 13:59:04 - main - INFO - 🚀 Логирование Loguru настроено
2026-02-23 13:59:04 - main - INFO - Инициализация приложения...
2026-02-23 14:00:34 - main - INFO - Завершение работы приложения...
2026-02-23 14:00:38 - __mp_main__ - INFO - 🚀 Логирование Loguru настроено
2026-02-23 14:00:38 - main - INFO - 🚀 Логирование Loguru настроено
2026-02-23 14:00:38 - main - INFO - Инициализация приложения...
2026-02-23 14:20:01 - __mp_main__ - INFO - 🚀 Логирование Loguru настроено
2026-02-23 14:20:02 - main - INFO - 🚀 Логирование Loguru настроено
2026-02-23 14:20:02 - main - INFO - Инициализация приложения...
2026-02-23 14:22:07 - __mp_main__ - INFO - 🚀 Логирование Loguru настроено
2026-02-23 14:22:07 - main - INFO - 🚀 Логирование Loguru настроено
2026-02-23 14:22:07 - main - INFO - Инициализация приложения...
2026-02-23 14:27:46 - __mp_main__ - INFO - 🚀 Логирование Loguru настроено
2026-02-23 14:27:46 - main - INFO - 🚀 Логирование Loguru настроено
2026-02-23 14:27:46 - main - INFO - Инициализация приложения...
2026-02-23 14:28:42 - main - INFO - Завершение работы приложения...
2026-02-23 14:28:46 - __mp_main__ - INFO - 🚀 Логирование Loguru настроено
2026-02-23 14:28:46 - main - INFO - 🚀 Логирование Loguru настроено
2026-02-23 14:28:46 - main - INFO - Инициализация приложения...
2026-02-23 14:31:39 - main - INFO - Завершение работы приложения...
2026-02-23 14:31:43 - __mp_main__ - INFO - 🚀 Логирование Loguru настроено
2026-02-23 14:31:43 - main - INFO - 🚀 Логирование Loguru настроено
2026-02-23 14:31:43 - main - INFO - Инициализация приложения...
2026-02-23 14:32:24 - main - INFO - Завершение работы приложения...
2026-02-23 14:32:27 - __mp_main__ - INFO - 🚀 Логирование Loguru настроено
2026-02-23 14:32:28 - main - INFO - 🚀 Логирование Loguru настроено
2026-02-23 14:32:28 - main - INFO - Инициализация приложения...
2026-02-23 14:33:57 - main - INFO - Завершение работы приложения...
2026-02-23 14:34:00 - __mp_main__ - INFO - 🚀 Логирование Loguru настроено
2026-02-23 14:34:01 - main - INFO - 🚀 Логирование Loguru настроено
2026-02-23 14:34:01 - main - INFO - Инициализация приложения...
2026-02-23 14:34:20 - __mp_main__ - INFO - 🚀 Логирование Loguru настроено
2026-02-23 14:34:20 - main - INFO - 🚀 Логирование Loguru настроено
2026-02-23 14:34:20 - main - INFO - Инициализация приложения...
2026-02-23 14:38:32 - main - INFO - Завершение работы приложения...
2026-02-23 14:38:38 - __mp_main__ - INFO - 🚀 Логирование Loguru настроено
2026-02-23 14:38:39 - main - INFO - 🚀 Логирование Loguru настроено
2026-02-23 14:38:39 - main - INFO - Инициализация приложения...
2026-02-23 14:51:11 - main - INFO - Завершение работы приложения...
2026-02-23 14:51:14 - __mp_main__ - INFO - 🚀 Логирование Loguru настроено
2026-02-23 14:51:14 - main - INFO - 🚀 Логирование Loguru настроено
2026-02-23 14:51:14 - main - INFO - Инициализация приложения...
2026-02-23 14:53:58 - main - INFO - Завершение работы приложения...
2026-02-23 14:54:01 - __mp_main__ - INFO - 🚀 Логирование Loguru настроено
2026-02-23 14:54:01 - main - INFO - 🚀 Логирование Loguru настроено
2026-02-23 14:54:02 - main - INFO - Инициализация приложения...
2026-02-23 14:57:19 - main - INFO - Завершение работы приложения...
2026-02-23 15:01:21 - __main__ - INFO - 🚀 Логирование Loguru настроено
2026-02-23 15:01:24 - __mp_main__ - INFO - 🚀 Логирование Loguru настроено
2026-02-23 15:01:24 - main - INFO - 🚀 Логирование Loguru настроено
2026-02-23 15:01:24 - main - INFO - Инициализация приложения...
2026-02-23 15:02:00 - main - INFO - Завершение работы приложения...
2026-02-23 15:05:58 - __mp_main__ - INFO - 🚀 Логирование Loguru настроено
2026-02-23 15:05:59 - main - INFO - 🚀 Логирование Loguru настроено
2026-02-23 15:05:59 - main - INFO - Инициализация приложения...
2026-02-23 15:09:03 - main - INFO - Завершение работы приложения...
2026-02-23 15:09:07 - __mp_main__ - INFO - 🚀 Логирование Loguru настроено
2026-02-23 15:09:07 - main - INFO - 🚀 Логирование Loguru настроено
2026-02-23 15:09:07 - main - INFO - Инициализация приложения...
2026-02-23 15:14:47 - main - INFO - Завершение работы приложения...
2026-02-23 15:15:15 - __mp_main__ - INFO - 🚀 Логирование Loguru настроено
2026-02-23 15:15:15 - main - INFO - 🚀 Логирование Loguru настроено
2026-02-23 15:15:15 - main - INFO - Инициализация приложения...
2026-02-23 15:21:39 - main - INFO - Завершение работы приложения...
2026-02-23 15:21:43 - __mp_main__ - INFO - 🚀 Логирование Loguru настроено
2026-02-23 15:21:43 - main - INFO - 🚀 Логирование Loguru настроено
2026-02-23 15:21:43 - main - INFO - Инициализация приложения...
2026-02-23 15:23:45 - main - INFO - Завершение работы приложения...
2026-02-23 15:23:48 - __mp_main__ - INFO - 🚀 Логирование Loguru настроено
2026-02-23 15:23:48 - main - INFO - 🚀 Логирование Loguru настроено
2026-02-23 15:23:48 - main - INFO - Инициализация приложения...
2026-02-23 15:25:27 - main - INFO - Завершение работы приложения...
2026-02-23 15:25:31 - __mp_main__ - INFO - 🚀 Логирование Loguru настроено
2026-02-23 15:25:31 - main - INFO - 🚀 Логирование Loguru настроено
2026-02-23 15:25:31 - main - INFO - Инициализация приложения...
2026-02-23 15:37:28 - main - INFO - Завершение работы приложения...
2026-02-23 15:37:31 - __mp_main__ - INFO - 🚀 Логирование Loguru настроено
2026-02-23 15:37:31 - main - INFO - 🚀 Логирование Loguru настроено
2026-02-23 15:37:31 - main - INFO - Инициализация приложения...
2026-02-23 15:38:01 - main - INFO - Завершение работы приложения...
2026-02-23 15:38:04 - __mp_main__ - INFO - 🚀 Логирование Loguru настроено
2026-02-23 15:38:04 - main - INFO - 🚀 Логирование Loguru настроено
2026-02-23 15:38:05 - main - INFO - Инициализация приложения...
2026-02-23 15:38:31 - main - INFO - Завершение работы приложения...
2026-02-23 15:38:35 - __mp_main__ - INFO - 🚀 Логирование Loguru настроено
2026-02-23 15:38:35 - main - INFO - 🚀 Логирование Loguru настроено
2026-02-23 15:38:35 - main - INFO - Инициализация приложения...
2026-02-23 15:43:13 - main - INFO - Завершение работы приложения...
2026-02-23 15:43:16 - __mp_main__ - INFO - 🚀 Логирование Loguru настроено
2026-02-23 15:43:16 - main - INFO - 🚀 Логирование Loguru настроено
2026-02-23 15:43:16 - main - INFO - Инициализация приложения...
2026-02-23 19:22:23 - main - INFO - Завершение работы приложения...
2026-02-23 19:22:26 - __mp_main__ - INFO - 🚀 Логирование Loguru настроено
2026-02-23 19:22:27 - main - INFO - 🚀 Логирование Loguru настроено
2026-02-23 19:22:27 - main - INFO - Инициализация приложения...
2026-02-23 19:25:18 - main - INFO - Завершение работы приложения...
2026-02-23 19:25:21 - __mp_main__ - INFO - 🚀 Логирование Loguru настроено
2026-02-23 19:25:21 - main - INFO - 🚀 Логирование Loguru настроено
2026-02-23 19:25:21 - main - INFO - Инициализация приложения...
2026-02-23 19:26:59 - main - INFO - Завершение работы приложения...
2026-02-23 19:27:45 - __main__ - INFO - 🚀 Логирование Loguru настроено
2026-02-23 19:27:48 - __mp_main__ - INFO - 🚀 Логирование Loguru настроено
2026-02-23 19:27:48 - main - INFO - 🚀 Логирование Loguru настроено
2026-02-23 19:27:48 - main - INFO - Инициализация приложения...
2026-02-23 19:32:25 - main - INFO - Завершение работы приложения...
2026-02-23 19:32:29 - __mp_main__ - INFO - 🚀 Логирование Loguru настроено
2026-02-23 19:32:30 - main - INFO - 🚀 Логирование Loguru настроено
2026-02-23 19:32:30 - main - INFO - Инициализация приложения...
2026-02-23 19:33:32 - main - INFO - Завершение работы приложения...
2026-02-23 19:33:41 - __main__ - INFO - 🚀 Логирование Loguru настроено
2026-02-23 19:33:44 - __mp_main__ - INFO - 🚀 Логирование Loguru настроено
2026-02-23 19:33:44 - main - INFO - 🚀 Логирование Loguru настроено
2026-02-23 19:33:44 - main - INFO - Инициализация приложения...
2026-02-23 19:38:52 - main - INFO - Завершение работы приложения...
2026-02-23 19:39:37 - __mp_main__ - INFO - 🚀 Логирование Loguru настроено
2026-02-23 19:39:37 - main - INFO - 🚀 Логирование Loguru настроено
2026-02-23 19:39:37 - main - INFO - Инициализация приложения...
2026-02-23 19:41:58 - main - INFO - Завершение работы приложения...
2026-02-23 19:42:41 - __mp_main__ - INFO - 🚀 Логирование Loguru настроено
2026-02-23 19:42:41 - main - INFO - 🚀 Логирование Loguru настроено
2026-02-23 19:42:41 - main - INFO - Инициализация приложения...
2026-02-23 19:43:30 - main - INFO - Завершение работы приложения...
2026-02-23 19:46:08 - __mp_main__ - INFO - 🚀 Логирование Loguru настроено
2026-02-23 19:46:09 - main - INFO - 🚀 Логирование Loguru настроено
2026-02-23 19:46:09 - main - INFO - Инициализация приложения...
2026-02-23 19:46:24 - main - INFO - Завершение работы приложения...
2026-02-23 19:46:30 - __mp_main__ - INFO - 🚀 Логирование Loguru настроено
2026-02-23 19:46:30 - main - INFO - 🚀 Логирование Loguru настроено
2026-02-23 19:46:30 - main - INFO - Инициализация приложения...
2026-02-23 19:46:36 - main - INFO - Завершение работы приложения...
2026-02-23 19:46:41 - __mp_main__ - INFO - 🚀 Логирование Loguru настроено
2026-02-23 19:46:41 - main - INFO - 🚀 Логирование Loguru настроено
2026-02-23 19:46:41 - main - INFO - Инициализация приложения...
2026-02-23 19:47:17 - main - INFO - Завершение работы приложения...
2026-02-23 19:47:28 - __mp_main__ - INFO - 🚀 Логирование Loguru настроено
2026-02-23 19:47:28 - main - INFO - 🚀 Логирование Loguru настроено
2026-02-23 19:47:29 - main - INFO - Инициализация приложения...
2026-02-23 19:47:37 - main - INFO - Завершение работы приложения...
2026-02-23 19:47:44 - __mp_main__ - INFO - 🚀 Логирование Loguru настроено
2026-02-23 19:47:44 - main - INFO - 🚀 Логирование Loguru настроено
2026-02-23 19:47:44 - main - INFO - Инициализация приложения...
2026-02-23 19:48:13 - main - INFO - Завершение работы приложения...
2026-02-23 19:51:27 - __mp_main__ - INFO - 🚀 Логирование Loguru настроено
2026-02-23 19:51:28 - main - INFO - 🚀 Логирование Loguru настроено
2026-02-23 19:51:28 - main - INFO - Инициализация приложения...
2026-02-23 19:51:52 - main - INFO - Завершение работы приложения...
2026-02-23 19:52:02 - __mp_main__ - INFO - 🚀 Логирование Loguru настроено
2026-02-23 19:52:02 - main - INFO - 🚀 Логирование Loguru настроено
2026-02-23 19:52:02 - main - INFO - Инициализация приложения...
2026-02-23 19:52:19 - main - INFO - Завершение работы приложения...
2026-02-23 19:52:26 - __mp_main__ - INFO - 🚀 Логирование Loguru настроено
2026-02-23 19:52:26 - main - INFO - 🚀 Логирование Loguru настроено
2026-02-23 19:52:26 - main - INFO - Инициализация приложения...
2026-02-23 19:53:06 - main - INFO - Завершение работы приложения...
2026-02-23 19:53:10 - __mp_main__ - INFO - 🚀 Логирование Loguru настроено
2026-02-23 19:53:11 - main - INFO - 🚀 Логирование Loguru настроено
2026-02-23 19:53:12 - main - INFO - Инициализация приложения...
2026-02-23 19:54:26 - main - INFO - Завершение работы приложения...
2026-02-23 19:54:30 - __mp_main__ - INFO - 🚀 Логирование Loguru настроено
2026-02-23 19:54:31 - main - INFO - 🚀 Логирование Loguru настроено
2026-02-23 19:54:31 - main - INFO - Инициализация приложения...
2026-02-23 19:54:49 - main - INFO - Завершение работы приложения...
2026-02-23 19:54:54 - __mp_main__ - INFO - 🚀 Логирование Loguru настроено
2026-02-23 19:54:55 - main - INFO - 🚀 Логирование Loguru настроено
2026-02-23 19:54:55 - main - INFO - Инициализация приложения...
2026-02-23 19:54:56 - main - INFO - Завершение работы приложения...
2026-02-23 19:55:00 - __mp_main__ - INFO - 🚀 Логирование Loguru настроено
2026-02-23 19:55:00 - main - INFO - 🚀 Логирование Loguru настроено
2026-02-23 19:55:00 - main - INFO - Инициализация приложения...
2026-02-23 19:57:15 - main - INFO - Завершение работы приложения...
2026-02-23 19:57:18 - __mp_main__ - INFO - 🚀 Логирование Loguru настроено
2026-02-23 19:57:18 - main - INFO - 🚀 Логирование Loguru настроено
2026-02-23 19:57:18 - main - INFO - Инициализация приложения...
2026-02-23 19:58:40 - main - INFO - Завершение работы приложения...
2026-02-23 19:58:46 - __mp_main__ - INFO - 🚀 Логирование Loguru настроено
2026-02-23 19:58:46 - main - INFO - 🚀 Логирование Loguru настроено
2026-02-23 19:58:46 - main - INFO - Инициализация приложения...
2026-02-23 20:01:30 - main - INFO - Завершение работы приложения...
2026-02-23 20:08:04 - __mp_main__ - INFO - 🚀 Логирование Loguru настроено
2026-02-23 20:08:04 - main - INFO - 🚀 Логирование Loguru настроено
2026-02-23 20:08:04 - main - INFO - Инициализация приложения...
2026-02-23 20:08:59 - main - INFO - Завершение работы приложения...
2026-02-23 20:09:03 - __mp_main__ - INFO - 🚀 Логирование Loguru настроено
2026-02-23 20:09:03 - main - INFO - 🚀 Логирование Loguru настроено
2026-02-23 20:09:03 - main - INFO - Инициализация приложения...
2026-02-23 20:11:10 - main - INFO - Завершение работы приложения...
2026-02-23 20:11:15 - __mp_main__ - INFO - 🚀 Логирование Loguru настроено
2026-02-23 20:11:15 - main - INFO - 🚀 Логирование Loguru настроено
2026-02-23 20:11:16 - main - INFO - Инициализация приложения...
2026-02-23 20:12:38 - main - INFO - Завершение работы приложения...
2026-02-23 20:12:43 - __mp_main__ - INFO - 🚀 Логирование Loguru настроено
2026-02-23 20:12:44 - main - INFO - 🚀 Логирование Loguru настроено
2026-02-23 20:12:44 - main - INFO - Инициализация приложения...
2026-02-23 20:13:43 - main - INFO - Завершение работы приложения...
2026-02-23 20:13:49 - __mp_main__ - INFO - 🚀 Логирование Loguru настроено
2026-02-23 20:13:49 - main - INFO - 🚀 Логирование Loguru настроено
2026-02-23 20:13:49 - main - INFO - Инициализация приложения...
2026-02-23 20:14:26 - main - INFO - Завершение работы приложения...
2026-02-23 20:14:31 - __mp_main__ - INFO - 🚀 Логирование Loguru настроено
2026-02-23 20:14:32 - main - INFO - 🚀 Логирование Loguru настроено
2026-02-23 20:14:32 - main - INFO - Инициализация приложения...
2026-02-23 20:15:10 - main - INFO - Завершение работы приложения...
2026-02-23 20:15:15 - __mp_main__ - INFO - 🚀 Логирование Loguru настроено
2026-02-23 20:15:15 - main - INFO - 🚀 Логирование Loguru настроено
2026-02-23 20:15:15 - main - INFO - Инициализация приложения...
2026-02-23 20:16:54 - main - INFO - Завершение работы приложения...
2026-02-23 20:17:00 - __mp_main__ - INFO - 🚀 Логирование Loguru настроено
2026-02-23 20:17:00 - main - INFO - 🚀 Логирование Loguru настроено
2026-02-23 20:17:00 - main - INFO - Инициализация приложения...
2026-02-23 20:18:46 - main - INFO - Завершение работы приложения...
2026-02-23 20:18:51 - __mp_main__ - INFO - 🚀 Логирование Loguru настроено
2026-02-23 20:18:52 - main - INFO - 🚀 Логирование Loguru настроено
2026-02-23 20:18:52 - main - INFO - Инициализация приложения...
2026-02-23 20:19:30 - main - INFO - Завершение работы приложения...
2026-02-23 20:19:33 - __mp_main__ - INFO - 🚀 Логирование Loguru настроено
2026-02-23 20:19:34 - main - INFO - 🚀 Логирование Loguru настроено
2026-02-23 20:19:34 - main - INFO - Инициализация приложения...
2026-02-23 20:21:12 - main - INFO - Завершение работы приложения...
2026-02-23 20:21:16 - __mp_main__ - INFO - 🚀 Логирование Loguru настроено
2026-02-23 20:21:17 - main - INFO - 🚀 Логирование Loguru настроено
2026-02-23 20:21:17 - main - INFO - Инициализация приложения...
2026-02-23 22:54:54 - main - INFO - Завершение работы приложения...
2026-02-23 22:57:36 - __main__ - INFO - 🚀 Логирование Loguru настроено
2026-02-23 22:57:42 - __mp_main__ - INFO - 🚀 Логирование Loguru настроено
2026-02-23 22:57:42 - main - INFO - 🚀 Логирование Loguru настроено
2026-02-23 22:57:42 - main - INFO - Инициализация приложения...
2026-02-23 23:00:24 - main - INFO - Завершение работы приложения...
2026-02-23 23:02:17 - __mp_main__ - INFO - 🚀 Логирование Loguru настроено
2026-02-23 23:02:17 - main - INFO - 🚀 Логирование Loguru настроено
2026-02-23 23:02:17 - main - INFO - Инициализация приложения...
2026-02-23 23:03:46 - __mp_main__ - INFO - 🚀 Логирование Loguru настроено
2026-02-23 23:03:46 - main - INFO - 🚀 Логирование Loguru настроено
2026-02-23 23:03:46 - main - INFO - Инициализация приложения...
2026-02-23 23:05:40 - __mp_main__ - INFO - 🚀 Логирование Loguru настроено
2026-02-23 23:05:40 - main - INFO - 🚀 Логирование Loguru настроено
2026-02-23 23:05:40 - main - INFO - Инициализация приложения...
2026-02-23 23:06:57 - __mp_main__ - INFO - 🚀 Логирование Loguru настроено
2026-02-23 23:06:58 - main - INFO - 🚀 Логирование Loguru настроено
2026-02-23 23:06:58 - main - INFO - Инициализация приложения...
2026-02-23 23:07:24 - __mp_main__ - INFO - 🚀 Логирование Loguru настроено
2026-02-23 23:07:24 - main - INFO - 🚀 Логирование Loguru настроено
2026-02-23 23:07:24 - main - INFO - Инициализация приложения...
2026-02-23 23:09:26 - main - INFO - Завершение работы приложения...
2026-02-23 23:09:31 - __mp_main__ - INFO - 🚀 Логирование Loguru настроено
2026-02-23 23:09:32 - main - INFO - 🚀 Логирование Loguru настроено
2026-02-23 23:09:32 - main - INFO - Инициализация приложения...
2026-02-23 23:11:49 - main - INFO - Завершение работы приложения...
2026-02-23 23:29:01 - __mp_main__ - INFO - 🚀 Логирование Loguru настроено
2026-02-23 23:29:01 - main - INFO - 🚀 Логирование Loguru настроено
2026-02-23 23:29:01 - main - INFO - Инициализация приложения...
2026-02-23 23:30:06 - main - INFO - Завершение работы приложения...
2026-02-23 23:30:31 - __mp_main__ - INFO - 🚀 Логирование Loguru настроено
2026-02-23 23:30:31 - main - INFO - 🚀 Логирование Loguru настроено
2026-02-23 23:30:31 - main - INFO - Инициализация приложения...
2026-02-23 23:31:51 - main - INFO - Завершение работы приложения...
2026-02-23 23:32:26 - __mp_main__ - INFO - 🚀 Логирование Loguru настроено
2026-02-23 23:32:26 - main - INFO - 🚀 Логирование Loguru настроено
2026-02-23 23:32:26 - main - INFO - Инициализация приложения...
2026-02-23 23:33:57 - main - INFO - Завершение работы приложения...
2026-02-23 23:35:09 - __mp_main__ - INFO - 🚀 Логирование Loguru настроено
2026-02-23 23:35:10 - main - INFO - 🚀 Логирование Loguru настроено
2026-02-23 23:35:10 - main - INFO - Инициализация приложения...
2026-02-23 23:36:17 - main - INFO - Завершение работы приложения...
2026-02-23 23:36:20 - __mp_main__ - INFO - 🚀 Логирование Loguru настроено
2026-02-23 23:36:21 - main - INFO - 🚀 Логирование Loguru настроено
2026-02-23 23:36:21 - main - INFO - Инициализация приложения...
2026-02-23 23:36:28 - main - INFO - Завершение работы приложения...
2026-02-23 23:36:33 - __mp_main__ - INFO - 🚀 Логирование Loguru настроено
2026-02-23 23:36:33 - main - INFO - 🚀 Логирование Loguru настроено
2026-02-23 23:36:33 - main - INFO - Инициализация приложения...
2026-02-23 23:36:37 - main - INFO - Завершение работы приложения...
2026-02-23 23:36:40 - __mp_main__ - INFO - 🚀 Логирование Loguru настроено
2026-02-23 23:36:41 - main - INFO - 🚀 Логирование Loguru настроено
2026-02-23 23:36:41 - main - INFO - Инициализация приложения...
2026-02-23 23:36:44 - main - INFO - Завершение работы приложения...
2026-02-23 23:36:47 - __mp_main__ - INFO - 🚀 Логирование Loguru настроено
2026-02-23 23:36:47 - main - INFO - 🚀 Логирование Loguru настроено
2026-02-23 23:36:47 - main - INFO - Инициализация приложения...
2026-02-23 23:37:37 - main - INFO - Завершение работы приложения...
2026-02-23 23:37:40 - __mp_main__ - INFO - 🚀 Логирование Loguru настроено
2026-02-23 23:37:41 - main - INFO - 🚀 Логирование Loguru настроено
2026-02-23 23:37:41 - main - INFO - Инициализация приложения...
2026-02-23 23:39:37 - main - INFO - Завершение работы приложения...
2026-02-23 23:39:42 - __mp_main__ - INFO - 🚀 Логирование Loguru настроено
2026-02-23 23:39:42 - main - INFO - 🚀 Логирование Loguru настроено
2026-02-23 23:39:42 - main - INFO - Инициализация приложения...
2026-02-23 23:40:00 - main - INFO - Завершение работы приложения...
2026-02-23 23:40:05 - __mp_main__ - INFO - 🚀 Логирование Loguru настроено
2026-02-23 23:40:05 - main - INFO - 🚀 Логирование Loguru настроено
2026-02-23 23:40:06 - main - INFO - Инициализация приложения...
2026-02-23 23:40:53 - main - INFO - Завершение работы приложения...
2026-02-23 23:40:58 - __mp_main__ - INFO - 🚀 Логирование Loguru настроено
2026-02-23 23:40:58 - main - INFO - 🚀 Логирование Loguru настроено
2026-02-23 23:40:58 - main - INFO - Инициализация приложения...
2026-02-23 23:41:17 - main - INFO - Завершение работы приложения...
2026-02-23 23:41:24 - __mp_main__ - INFO - 🚀 Логирование Loguru настроено
2026-02-23 23:41:24 - main - INFO - 🚀 Логирование Loguru настроено
2026-02-23 23:41:24 - main - INFO - Инициализация приложения...
2026-02-23 23:41:52 - main - INFO - Завершение работы приложения...
2026-02-23 23:41:55 - __mp_main__ - INFO - 🚀 Логирование Loguru настроено
2026-02-23 23:41:55 - main - INFO - 🚀 Логирование Loguru настроено
2026-02-23 23:41:55 - main - INFO - Инициализация приложения...
2026-02-23 23:42:51 - main - INFO - Завершение работы приложения...
2026-02-23 23:42:57 - __mp_main__ - INFO - 🚀 Логирование Loguru настроено
2026-02-23 23:42:57 - main - INFO - 🚀 Логирование Loguru настроено
2026-02-23 23:42:57 - main - INFO - Инициализация приложения...
2026-02-23 23:42:58 - main - INFO - Завершение работы приложения...
2026-02-23 23:43:03 - __mp_main__ - INFO - 🚀 Логирование Loguru настроено
2026-02-23 23:43:03 - main - INFO - 🚀 Логирование Loguru настроено
2026-02-23 23:43:03 - main - INFO - Инициализация приложения...
2026-02-23 23:43:33 - main - INFO - Завершение работы приложения...
2026-02-23 23:43:38 - __mp_main__ - INFO - 🚀 Логирование Loguru настроено
2026-02-23 23:43:38 - main - INFO - 🚀 Логирование Loguru настроено
2026-02-23 23:43:38 - main - INFO - Инициализация приложения...
2026-02-23 23:44:59 - main - INFO - Завершение работы приложения...
2026-02-23 23:47:51 - __mp_main__ - INFO - 🚀 Логирование Loguru настроено
2026-02-23 23:47:51 - main - INFO - 🚀 Логирование Loguru настроено
2026-02-23 23:47:51 - main - INFO - Инициализация приложения...
2026-02-23 23:47:53 - main - INFO - Завершение работы приложения...
2026-02-23 23:47:56 - __mp_main__ - INFO - 🚀 Логирование Loguru настроено
2026-02-23 23:47:57 - main - INFO - 🚀 Логирование Loguru настроено
2026-02-23 23:47:57 - main - INFO - Инициализация приложения...
2026-02-23 23:48:28 - main - INFO - Завершение работы приложения...
2026-02-23 23:48:32 - __mp_main__ - INFO - 🚀 Логирование Loguru настроено
2026-02-23 23:48:34 - main - INFO - 🚀 Логирование Loguru настроено
2026-02-23 23:48:34 - main - INFO - Инициализация приложения...
2026-02-23 23:48:43 - main - INFO - Завершение работы приложения...
2026-02-23 23:48:48 - __mp_main__ - INFO - 🚀 Логирование Loguru настроено
2026-02-23 23:48:48 - main - INFO - 🚀 Логирование Loguru настроено
2026-02-23 23:48:48 - main - INFO - Инициализация приложения...
2026-02-23 23:48:54 - main - INFO - Завершение работы приложения...
2026-02-23 23:48:57 - __mp_main__ - INFO - 🚀 Логирование Loguru настроено
2026-02-23 23:48:57 - main - INFO - 🚀 Логирование Loguru настроено
2026-02-23 23:48:58 - main - INFO - Инициализация приложения...
2026-02-23 23:49:31 - main - INFO - Завершение работы приложения...
2026-02-23 23:49:36 - __mp_main__ - INFO - 🚀 Логирование Loguru настроено
2026-02-23 23:49:36 - main - INFO - 🚀 Логирование Loguru настроено
2026-02-23 23:49:36 - main - INFO - Инициализация приложения...
2026-02-23 23:49:55 - main - INFO - Завершение работы приложения...
2026-02-23 23:49:58 - __mp_main__ - INFO - 🚀 Логирование Loguru настроено
2026-02-23 23:49:59 - main - INFO - 🚀 Логирование Loguru настроено
2026-02-23 23:49:59 - main - INFO - Инициализация приложения...
2026-02-23 23:52:31 - main - INFO - Завершение работы приложения...
2026-02-23 23:52:35 - __mp_main__ - INFO - 🚀 Логирование Loguru настроено
2026-02-23 23:52:35 - main - INFO - 🚀 Логирование Loguru настроено
2026-02-23 23:52:35 - main - INFO - Инициализация приложения...
2026-02-23 23:56:09 - main - INFO - Завершение работы приложения...
2026-02-23 23:56:11 - __mp_main__ - INFO - 🚀 Логирование Loguru настроено
2026-02-23 23:56:12 - main - INFO - 🚀 Логирование Loguru настроено
2026-02-23 23:56:12 - main - INFO - Инициализация приложения...
2026-02-23 23:56:51 - main - INFO - Завершение работы приложения...
2026-02-23 23:56:55 - __mp_main__ - INFO - 🚀 Логирование Loguru настроено
2026-02-23 23:56:56 - main - INFO - 🚀 Логирование Loguru настроено
2026-02-23 23:56:56 - main - INFO - Инициализация приложения...
2026-02-23 23:58:03 - main - INFO - Завершение работы приложения...
2026-02-23 23:58:05 - __mp_main__ - INFO - 🚀 Логирование Loguru настроено
2026-02-23 23:58:06 - main - INFO - 🚀 Логирование Loguru настроено
2026-02-23 23:58:06 - main - INFO - Инициализация приложения...
2026-02-23 23:59:27 - main - INFO - Завершение работы приложения...
2026-02-23 23:59:32 - __mp_main__ - INFO - 🚀 Логирование Loguru настроено
2026-02-23 23:59:32 - main - INFO - 🚀 Логирование Loguru настроено
2026-02-23 23:59:32 - main - INFO - Инициализация приложения...
2026-02-24 00:00:47 - main - INFO - Завершение работы приложения...
2026-02-24 00:00:51 - __mp_main__ - INFO - 🚀 Логирование Loguru настроено
2026-02-24 00:00:52 - main - INFO - 🚀 Логирование Loguru настроено
2026-02-24 00:00:52 - main - INFO - Инициализация приложения...
2026-02-24 00:00:56 - main - INFO - Завершение работы приложения...
2026-02-24 00:00:58 - __mp_main__ - INFO - 🚀 Логирование Loguru настроено
2026-02-24 00:00:58 - main - INFO - 🚀 Логирование Loguru настроено
2026-02-24 00:00:58 - main - INFO - Инициализация приложения...
2026-02-24 00:02:59 - main - INFO - Завершение работы приложения...
2026-02-24 00:03:04 - __mp_main__ - INFO - 🚀 Логирование Loguru настроено
2026-02-24 00:03:04 - main - INFO - 🚀 Логирование Loguru настроено
2026-02-24 00:03:04 - main - INFO - Инициализация приложения...
2026-02-24 00:04:26 - main - INFO - Завершение работы приложения...
2026-02-24 00:04:40 - __mp_main__ - INFO - 🚀 Логирование Loguru настроено
2026-02-24 00:04:40 - main - INFO - 🚀 Логирование Loguru настроено
2026-02-24 00:04:40 - main - INFO - Инициализация приложения...
2026-02-24 00:06:07 - main - INFO - Завершение работы приложения...
2026-02-24 00:06:10 - __mp_main__ - INFO - 🚀 Логирование Loguru настроено
2026-02-24 00:06:10 - main - INFO - 🚀 Логирование Loguru настроено
2026-02-24 00:06:10 - main - INFO - Инициализация приложения...
2026-02-24 00:08:13 - main - INFO - Завершение работы приложения...
2026-02-24 00:08:18 - __mp_main__ - INFO - 🚀 Логирование Loguru настроено
2026-02-24 00:08:18 - main - INFO - 🚀 Логирование Loguru настроено
2026-02-24 00:08:18 - main - INFO - Инициализация приложения...
2026-02-24 00:08:24 - main - INFO - Завершение работы приложения...
2026-02-24 00:08:27 - __mp_main__ - INFO - 🚀 Логирование Loguru настроено
2026-02-24 00:08:27 - main - INFO - 🚀 Логирование Loguru настроено
2026-02-24 00:08:27 - main - INFO - Инициализация приложения...
2026-02-24 00:09:21 - main - INFO - Завершение работы приложения...
2026-02-24 00:09:25 - __mp_main__ - INFO - 🚀 Логирование Loguru настроено
2026-02-24 00:09:26 - main - INFO - 🚀 Логирование Loguru настроено
2026-02-24 00:09:26 - main - INFO - Инициализация приложения...
2026-02-24 00:11:07 - main - INFO - Завершение работы приложения...
2026-02-24 00:11:45 - __main__ - INFO - 🚀 Логирование Loguru настроено
2026-02-24 00:11:47 - __mp_main__ - INFO - 🚀 Логирование Loguru настроено
2026-02-24 00:11:47 - main - INFO - 🚀 Логирование Loguru настроено
2026-02-24 00:11:47 - main - INFO - Инициализация приложения...
2026-02-24 00:11:50 - main - INFO - Завершение работы приложения...
2026-02-24 00:16:09 - __main__ - INFO - 🚀 Логирование Loguru настроено
2026-02-24 00:16:11 - __mp_main__ - INFO - 🚀 Логирование Loguru настроено
2026-02-24 00:16:12 - main - INFO - 🚀 Логирование Loguru настроено
2026-02-24 00:16:12 - main - INFO - Инициализация приложения...
2026-02-24 00:17:01 - main - INFO - Завершение работы приложения...
